This is pdfTeX, Version 3.141592653-2.6-1.40.29 (TeX Live 2026/Arch Linux) (preloaded format=pdflatex 2026.5.1)  15 JUN 2026 01:43
entering extended mode
 restricted \write18 enabled.
 %&-line parsing enabled.
**associationschemes.tex
(./associationschemes.tex
LaTeX2e <2025-11-01>
L3 programming layer <2026-01-19>
(./sphinxmanual.cls
Document Class: sphinxmanual 2019/12/01 v2.3.0 Document class (Sphinx manual)
(/usr/share/texmf-dist/tex/latex/base/report.cls
Document Class: report 2025/01/22 v1.4n Standard LaTeX document class
(/usr/share/texmf-dist/tex/latex/base/size10.clo
File: size10.clo 2025/01/22 v1.4n Standard LaTeX file (size option)
)
\c@part=\count275
\c@chapter=\count276
\c@section=\count277
\c@subsection=\count278
\c@subsubsection=\count279
\c@paragraph=\count280
\c@subparagraph=\count281
\c@figure=\count282
\c@table=\count283
\abovecaptionskip=\skip49
\belowcaptionskip=\skip50
\bibindent=\dimen148
)
LaTeX Info: Redefining \and on input line 35.
)
\sphinxremdimen=\dimen149

(/usr/share/texmf-dist/tex/latex/base/inputenc.sty
Package: inputenc 2024/02/08 v1.3d Input encoding file
\inpenc@prehook=\toks17
\inpenc@posthook=\toks18
)
   defining Unicode char U+00A0 (decimal 160)
   defining Unicode char U+2500 (decimal 9472)
   defining Unicode char U+2502 (decimal 9474)
   defining Unicode char U+2514 (decimal 9492)
   defining Unicode char U+251C (decimal 9500)
   defining Unicode char U+2572 (decimal 9586)

(/usr/share/texmf-dist/tex/latex/cmap/cmap.sty
Package: cmap 2021/02/06 v1.0j CMap support: searchable PDF
)
(/usr/share/texmf-dist/tex/latex/base/fontenc.sty
Package: fontenc 2025/07/18 v2.1d Standard LaTeX package
<<t1.cmap>>)
(/usr/share/texmf-dist/tex/latex/amsmath/amsmath.sty
Package: amsmath 2025/07/09 v2.17z AMS math features
\@mathmargin=\skip51

For additional information on amsmath, use the `?' option.
(/usr/share/texmf-dist/tex/latex/amsmath/amstext.sty
Package: amstext 2024/11/17 v2.01 AMS text

(/usr/share/texmf-dist/tex/latex/amsmath/amsgen.sty
File: amsgen.sty 1999/11/30 v2.0 generic functions
\@emptytoks=\toks19
\ex@=\dimen150
))
(/usr/share/texmf-dist/tex/latex/amsmath/amsbsy.sty
Package: amsbsy 1999/11/29 v1.2d Bold Symbols
\pmbraise@=\dimen151
)
(/usr/share/texmf-dist/tex/latex/amsmath/amsopn.sty
Package: amsopn 2022/04/08 v2.04 operator names
)
\inf@bad=\count284
LaTeX Info: Redefining \frac on input line 233.
\uproot@=\count285
\leftroot@=\count286
LaTeX Info: Redefining \overline on input line 398.
LaTeX Info: Redefining \colon on input line 409.
\classnum@=\count287
\DOTSCASE@=\count288
LaTeX Info: Redefining \ldots on input line 495.
LaTeX Info: Redefining \dots on input line 498.
LaTeX Info: Redefining \cdots on input line 619.
\Mathstrutbox@=\box53
\strutbox@=\box54
LaTeX Info: Redefining \big on input line 721.
LaTeX Info: Redefining \Big on input line 722.
LaTeX Info: Redefining \bigg on input line 723.
LaTeX Info: Redefining \Bigg on input line 724.
\big@size=\dimen152
LaTeX Font Info:    Redeclaring font encoding OML on input line 742.
LaTeX Font Info:    Redeclaring font encoding OMS on input line 743.
\macc@depth=\count289
LaTeX Info: Redefining \bmod on input line 904.
LaTeX Info: Redefining \pmod on input line 909.
LaTeX Info: Redefining \smash on input line 939.
LaTeX Info: Redefining \relbar on input line 969.
LaTeX Info: Redefining \Relbar on input line 970.
\c@MaxMatrixCols=\count290
\dotsspace@=\muskip17
\c@parentequation=\count291
\dspbrk@lvl=\count292
\tag@help=\toks20
\row@=\count293
\column@=\count294
\maxfields@=\count295
\andhelp@=\toks21
\eqnshift@=\dimen153
\alignsep@=\dimen154
\tagshift@=\dimen155
\tagwidth@=\dimen156
\totwidth@=\dimen157
\lineht@=\dimen158
\@envbody=\toks22
\multlinegap=\skip52
\multlinetaggap=\skip53
\mathdisplay@stack=\toks23
LaTeX Info: Redefining \[ on input line 2950.
LaTeX Info: Redefining \] on input line 2951.
)
(/usr/share/texmf-dist/tex/latex/amsfonts/amssymb.sty
Package: amssymb 2013/01/14 v3.01 AMS font symbols

(/usr/share/texmf-dist/tex/latex/amsfonts/amsfonts.sty
Package: amsfonts 2013/01/14 v3.01 Basic AMSFonts support
\symAMSa=\mathgroup4
\symAMSb=\mathgroup5
LaTeX Font Info:    Redeclaring math symbol \hbar on input line 98.
LaTeX Font Info:    Overwriting math alphabet `\mathfrak' in version `bold'
(Font)                  U/euf/m/n --> U/euf/b/n on input line 106.
))
(/usr/share/texmf-dist/tex/generic/babel/babel.sty
Package: babel 2026/02/14 v26.3 The multilingual framework for LuaLaTeX, pdfLaT
eX and XeLaTeX
\babel@savecnt=\count296
LaTeX Encoding Info:    Redeclaring text command \ij (encoding OT1) on input li
ne 2078.
LaTeX Encoding Info:    Redeclaring text command \IJ (encoding OT1) on input li
ne 2080.
LaTeX Encoding Info:    Redeclaring text command \ij (encoding T1) on input lin
e 2082.
LaTeX Encoding Info:    Redeclaring text command \IJ (encoding T1) on input lin
e 2083.
LaTeX Encoding Info:    Ignoring declaration for text command \ij (encoding ?) 
on input line 2084.
LaTeX Encoding Info:    Ignoring declaration for text command \IJ (encoding ?) 
on input line 2086.
LaTeX Encoding Info:    Ignoring declaration for text command \SS (encoding ?) 
on input line 2111.
\U@D=\dimen159
\l@unhyphenated=\language28

(/usr/share/texmf-dist/tex/generic/babel/txtbabel.def)
\bbl@readstream=\read2
\bbl@dirlevel=\count297

(/usr/share/texmf-dist/tex/generic/babel/locale/en/babel-english.tex)
Package babel Info: Importing font and identification data for english
(babel)             from babel-en.ini. Reported on input line 4330.

(/usr/share/texmf-dist/tex/generic/babel-english/english.ldf
Language: english 2017/06/06 v3.3r English support from the babel system
Package babel Info: Hyphen rules for 'british' set to \l@english
(babel)             (\language0). Reported on input line 82.
Package babel Info: Hyphen rules for 'UKenglish' set to \l@english
(babel)             (\language0). Reported on input line 83.
Package babel Info: Hyphen rules for 'canadian' set to \l@english
(babel)             (\language0). Reported on input line 102.
Package babel Info: Hyphen rules for 'australian' set to \l@english
(babel)             (\language0). Reported on input line 105.
Package babel Info: Hyphen rules for 'newzealand' set to \l@english
(babel)             (\language0). Reported on input line 108.
))
(/usr/share/texmf-dist/tex/latex/tex-gyre/tgtermes.sty
Package: tgtermes 2009/09/27 v1.2 TeX Gyre Termes as default roman family

(/usr/share/texmf-dist/tex/latex/kvoptions/kvoptions.sty
Package: kvoptions 2022-06-15 v3.15 Key value format for package options (HO)

(/usr/share/texmf-dist/tex/latex/graphics/keyval.sty
Package: keyval 2022/05/29 v1.15 key=value parser (DPC)
\KV@toks@=\toks24
)
(/usr/share/texmf-dist/tex/generic/ltxcmds/ltxcmds.sty
Package: ltxcmds 2023-12-04 v1.26 LaTeX kernel commands for general use (HO)
)
(/usr/share/texmf-dist/tex/latex/kvsetkeys/kvsetkeys.sty
Package: kvsetkeys 2022-10-05 v1.19 Key value parser (HO)
)))
(/usr/share/texmf-dist/tex/latex/tex-gyre/tgheros.sty
Package: tgheros 2009/09/27 v1.2 TeX Gyre Heros as default sans serif family
)
(/usr/share/texmf-dist/tex/latex/fncychap/fncychap.sty
Package: fncychap 2007/07/30 v1.34 LaTeX package (Revised chapters)
\RW=\skip54
\mylen=\skip55
\myhi=\skip56
\px=\skip57
\py=\skip58
\pyy=\skip59
\pxx=\skip60
\c@AlphaCnt=\count298
\c@AlphaDecCnt=\count299
) (./sphinx.sty
Package: sphinx 2025/12/26 v9.1.0 Sphinx LaTeX package (sphinx-doc)

(/usr/share/texmf-dist/tex/latex/xcolor/xcolor.sty
Package: xcolor 2024/09/29 v3.02 LaTeX color extensions (UK)

(/usr/share/texmf-dist/tex/latex/graphics-cfg/color.cfg
File: color.cfg 2016/01/02 v1.6 sample color configuration
)
Package xcolor Info: Driver file: pdftex.def on input line 274.

(/usr/share/texmf-dist/tex/latex/graphics-def/pdftex.def
File: pdftex.def 2025/09/29 v1.2d Graphics/color driver for pdftex
)
(/usr/share/texmf-dist/tex/latex/graphics/mathcolor.ltx)
Package xcolor Info: Model `cmy' substituted by `cmy0' on input line 1349.
Package xcolor Info: Model `hsb' substituted by `rgb' on input line 1353.
Package xcolor Info: Model `RGB' extended on input line 1365.
Package xcolor Info: Model `HTML' substituted by `rgb' on input line 1367.
Package xcolor Info: Model `Hsb' substituted by `hsb' on input line 1368.
Package xcolor Info: Model `tHsb' substituted by `hsb' on input line 1369.
Package xcolor Info: Model `HSB' substituted by `hsb' on input line 1370.
Package xcolor Info: Model `Gray' substituted by `gray' on input line 1371.
Package xcolor Info: Model `wave' substituted by `hsb' on input line 1372.
)
(./sphinxoptionshyperref.sty
Package: sphinxoptionshyperref 2021/01/27 hyperref
) (./sphinxoptionsgeometry.sty
Package: sphinxoptionsgeometry 2021/01/27 geometry
)
(/usr/share/texmf-dist/tex/latex/base/textcomp.sty
Package: textcomp 2024/04/24 v2.1b Standard LaTeX package
)
(/usr/share/texmf-dist/tex/latex/float/float.sty
Package: float 2001/11/08 v1.3d Float enhancements (AL)
\c@float@type=\count300
\float@exts=\toks25
\float@box=\box55
\@float@everytoks=\toks26
\@floatcapt=\box56
)
(/usr/share/texmf-dist/tex/latex/wrapfig/wrapfig.sty
\wrapoverhang=\dimen160
\WF@size=\dimen161
\c@WF@wrappedlines=\count301
\WF@box=\box57
\WF@everypar=\toks27
Package: wrapfig 2003/01/31  v 3.6
)
(/usr/share/texmf-dist/tex/latex/capt-of/capt-of.sty
Package: capt-of 2009/12/29 v0.2 standard captions outside of floats
)
(/usr/share/texmf-dist/tex/latex/tools/multicol.sty
Package: multicol 2025/10/21 v2.0b multicolumn formatting (FMi)
\c@tracingmulticols=\count302
\mult@box=\box58
\multicol@leftmargin=\dimen162
\c@unbalance=\count303
\c@collectmore=\count304
\doublecol@number=\count305
\multicoltolerance=\count306
\multicolpretolerance=\count307
\full@width=\dimen163
\page@free=\dimen164
\premulticols=\dimen165
\postmulticols=\dimen166
\multicolsep=\skip61
\multicolbaselineskip=\skip62
\partial@page=\box59
\last@line=\box60
\mc@boxedresult=\box61
\maxbalancingoverflow=\dimen167
\mult@rightbox=\box62
\mult@grightbox=\box63
\mult@firstbox=\box64
\mult@gfirstbox=\box65
\@tempa=\box66
\@tempa=\box67
\@tempa=\box68
\@tempa=\box69
\@tempa=\box70
\@tempa=\box71
\@tempa=\box72
\@tempa=\box73
\@tempa=\box74
\@tempa=\box75
\@tempa=\box76
\@tempa=\box77
\@tempa=\box78
\@tempa=\box79
\@tempa=\box80
\@tempa=\box81
\@tempa=\box82
\@tempa=\box83
\@tempa=\box84
\@tempa=\box85
\@tempa=\box86
\@tempa=\box87
\@tempa=\box88
\@tempa=\box89
\@tempa=\box90
\@tempa=\box91
\@tempa=\box92
\@tempa=\box93
\@tempa=\box94
\@tempa=\box95
\@tempa=\box96
\@tempa=\box97
\@tempa=\box98
\@tempa=\box99
\@tempa=\box100
\@tempa=\box101
\c@minrows=\count308
\c@columnbadness=\count309
\c@finalcolumnbadness=\count310
\last@try=\dimen168
\multicolovershoot=\dimen169
\multicolundershoot=\dimen170
\mult@nat@firstbox=\box102
\colbreak@box=\box103
\mc@col@check@num=\count311
\g__mc_curr_col_int=\count312
)
(/usr/share/texmf-dist/tex/latex/graphics/graphicx.sty
Package: graphicx 2024/12/31 v1.2e Enhanced LaTeX Graphics (DPC,SPQR)

(/usr/share/texmf-dist/tex/latex/graphics/graphics.sty
Package: graphics 2024/08/06 v1.4g Standard LaTeX Graphics (DPC,SPQR)

(/usr/share/texmf-dist/tex/latex/graphics/trig.sty
Package: trig 2023/12/02 v1.11 sin cos tan (DPC)
)
(/usr/share/texmf-dist/tex/latex/graphics-cfg/graphics.cfg
File: graphics.cfg 2016/06/04 v1.11 sample graphics configuration
)
Package graphics Info: Driver file: pdftex.def on input line 106.
)
\Gin@req@height=\dimen171
\Gin@req@width=\dimen172
)
(./sphinxlatexgraphics.sty
Package: sphinxlatexgraphics 2024/08/13 v8.1.0 graphics
\spx@image@maxheight=\dimen173
\spx@image@box=\box104
) (./sphinxpackageboxes.sty
Package: sphinxpackageboxes 2024/07/01 v7.4.0 advanced colored boxes

(/usr/share/texmf-dist/tex/latex/pict2e/pict2e.sty
Package: pict2e 2020/09/30 v0.4b Improved picture commands (HjG,RN,JT)

(/usr/share/texmf-dist/tex/latex/pict2e/pict2e.cfg
File: pict2e.cfg 2016/02/05 v0.1u pict2e configuration for teTeX/TeXLive
)
Package pict2e Info: Driver file: pdftex.def on input line 112.
Package pict2e Info: Driver file for pict2e: p2e-pdftex.def on input line 114.

(/usr/share/texmf-dist/tex/latex/pict2e/p2e-pdftex.def
File: p2e-pdftex.def 2016/02/05 v0.1u Driver-dependant file (RN,HjG,JT)
)
\pIIe@GRAPH=\toks28
\@arclen=\dimen174
\@arcrad=\dimen175
\pIIe@tempdima=\dimen176
\pIIe@tempdimb=\dimen177
\pIIe@tempdimc=\dimen178
\pIIe@tempdimd=\dimen179
\pIIe@tempdime=\dimen180
\pIIe@tempdimf=\dimen181
)
(/usr/share/texmf-dist/tex/latex/ellipse/ellipse.sty
Package: ellipse 2004/11/05 v1.0 .dtx ellipse file
)
\@tempdimd=\dimen182
\spx@tempboxa=\box105
\spx@tempboxb=\box106
\spx@boxes@border@top=\dimen183
\spx@boxes@border@right=\dimen184
\spx@boxes@border@bottom=\dimen185
\spx@boxes@border@left=\dimen186
\spx@boxes@padding@top=\dimen187
\spx@boxes@padding@right=\dimen188
\spx@boxes@padding@bottom=\dimen189
\spx@boxes@padding@left=\dimen190
\spx@boxes@shadow@xoffset=\dimen191
\spx@boxes@shadow@yoffset=\dimen192
\spx@boxes@radius@topleft@x=\dimen193
\spx@boxes@radius@topright@x=\dimen194
\spx@boxes@radius@bottomright@x=\dimen195
\spx@boxes@radius@bottomleft@x=\dimen196
\spx@boxes@radius@topleft@y=\dimen197
\spx@boxes@radius@topright@y=\dimen198
\spx@boxes@radius@bottomright@y=\dimen199
\spx@boxes@radius@bottomleft@y=\dimen256
)
(./sphinxlatexadmonitions.sty
Package: sphinxlatexadmonitions 2025/10/24 v9.0.0 admonitions

(/usr/share/texmf-dist/tex/latex/framed/framed.sty
Package: framed 2011/10/22 v 0.96: framed or shaded text with page breaks
\OuterFrameSep=\skip63
\fb@frw=\dimen257
\fb@frh=\dimen258
\FrameRule=\dimen259
\FrameSep=\dimen260
)
(/usr/share/texmf-dist/tex/latex/needspace/needspace.sty
Package: needspace 2025/03/13 v1.3e reserve vertical space
)
(./sphinxpackagefootnote.sty
Package: sphinxpackagefootnote 2025/11/15 v9.0.0 Sphinx custom footnotehyper pa
ckage (Sphinx team)
\FNH@notes=\box107
\FNH@toks=\toks29
\FNH@width=\dimen261
\c@sphinxfootnotemark=\count313
)
\spx@notice@border=\dimen262
\c@sphinxtodo=\count314
) (./sphinxlatexliterals.sty
Package: sphinxlatexliterals 2025/12/26 v9.1.0 code-blocks and parsed literals

(/usr/share/texmf-dist/tex/latex/fancyvrb/fancyvrb.sty
Package: fancyvrb 2025/07/28 4.6 verbatim text (tvz,hv)
\FV@CodeLineNo=\count315
\FV@InFile=\read3
\FV@TabBox=\box108
\c@FancyVerbLine=\count316
\FV@StepNumber=\count317
\FV@OutFile=\write3
)
(/usr/share/texmf-dist/tex/latex/base/alltt.sty
Package: alltt 2024/07/07 v2.0g defines alltt environment
)
(/usr/share/texmf-dist/tex/latex/upquote/upquote.sty
Package: upquote 2012/04/19 v1.3 upright-quote and grave-accent glyphs in verba
tim
)
\sphinxcontinuationbox=\box109
\sphinxvisiblespacebox=\box110
\sphinxVerbatim@TitleBox=\box111
\sphinxVerbatim@ContentsBox=\box112
)
(./sphinxlatexshadowbox.sty
Package: sphinxlatexshadowbox 2024/07/28 v8.1.0 sphinxShadowBox
) (./sphinxlatexcontainers.sty
Package: sphinxlatexcontainers 2021/05/03 containers
)
(./sphinxhighlight.sty
Package: sphinxhighlight 2022/06/30 stylesheet for highlighting with pygments
) (./sphinxlatextables.sty
Package: sphinxlatextables 2025/12/30 v9.1.0 tables

(/usr/share/texmf-dist/tex/latex/tabulary/tabulary.sty
Package: tabulary 2024/06/04 v0.11 tabulary package (DPC)

(/usr/share/texmf-dist/tex/latex/tools/array.sty
Package: array 2025/09/25 v2.6n Tabular extension package (FMi)
\col@sep=\dimen263
\ar@mcellbox=\box113
\extrarowheight=\dimen264
\NC@list=\toks30
\extratabsurround=\skip64
\backup@length=\skip65
\ar@cellbox=\box114
)
\TY@count=\count318
\TY@linewidth=\dimen265
\tymin=\dimen266
\tymax=\dimen267
\TY@tablewidth=\dimen268
)
(/usr/share/texmf-dist/tex/latex/tools/longtable.sty
Package: longtable 2025-10-13 v4.24 Multi-page Table package (DPC)
\LTleft=\skip66
\LTright=\skip67
\LTpre=\skip68
\LTpost=\skip69
\LTchunksize=\count319
\LTcapwidth=\dimen269
\LT@head=\box115
\LT@firsthead=\box116
\LT@foot=\box117
\LT@lastfoot=\box118
\LT@gbox=\box119
\LT@cols=\count320
\LT@rows=\count321
\c@LT@tables=\count322
\c@LT@chunks=\count323
\LT@p@ftn=\toks31
)
(/usr/share/texmf-dist/tex/latex/varwidth/varwidth.sty
Package: varwidth 2009/03/30 ver 0.92;  Variable-width minipages
\@vwid@box=\box120
\sift@deathcycles=\count324
\@vwid@loff=\dimen270
\@vwid@roff=\dimen271
)
==> First Aid for varwidth.sty applied!
\sphinx@TY@tablewidth=\dimen272
(/usr/share/texmf-dist/tex/latex/colortbl/colortbl.sty
Package: colortbl 2024/10/29 v1.0k Color table columns (DPC)
\everycr=\toks32
\minrowclearance=\skip70
\rownum=\count325
)
(/usr/share/texmf-dist/tex/latex/booktabs/booktabs.sty
Package: booktabs 2020/01/12 v1.61803398 Publication quality tables
\heavyrulewidth=\dimen273
\lightrulewidth=\dimen274
\cmidrulewidth=\dimen275
\belowrulesep=\dimen276
\belowbottomsep=\dimen277
\aboverulesep=\dimen278
\abovetopsep=\dimen279
\cmidrulesep=\dimen280
\cmidrulekern=\dimen281
\defaultaddspace=\dimen282
\@cmidla=\count326
\@cmidlb=\count327
\@aboverulesep=\dimen283
\@belowrulesep=\dimen284
\@thisruleclass=\count328
\@lastruleclass=\count329
\@thisrulewidth=\dimen285
))
(./sphinxlatexnumfig.sty
Package: sphinxlatexnumfig 2024/07/31 v8.1.0 numbering
) (./sphinxlatexlists.sty
Package: sphinxlatexlists 2021/12/20 lists
\spx@lineitemlabel=\toks33
)
\c@sphinxscope=\count330
 (./sphinxlatexindbibtoc.sty
Package: sphinxlatexindbibtoc 2021/01/27 index, bib., toc

(/usr/share/texmf-dist/tex/latex/base/makeidx.sty
Package: makeidx 2021/10/04 v1.0m Standard LaTeX package
)) (./sphinxlatexstylepage.sty
Package: sphinxlatexstylepage 2021/01/27 page styling
(/usr/share/texmf-dist/tex/latex/parskip/parskip.sty
Package: parskip 2021-03-14 v2.0h non-zero parskip adjustments

(/usr/share/texmf-dist/tex/latex/etoolbox/etoolbox.sty
Package: etoolbox 2025/10/02 v2.5m e-TeX tools for LaTeX (JAW)
\etb@tempcnta=\count331
))
(/usr/share/texmf-dist/tex/latex/fancyhdr/fancyhdr.sty
Package: fancyhdr 2025/02/07 v5.2 Extensive control of page headers and footers

\f@nch@headwidth=\skip71
\f@nch@offset@elh=\skip72
\f@nch@offset@erh=\skip73
\f@nch@offset@olh=\skip74
\f@nch@offset@orh=\skip75
\f@nch@offset@elf=\skip76
\f@nch@offset@erf=\skip77
\f@nch@offset@olf=\skip78
\f@nch@offset@orf=\skip79
\f@nch@height=\skip80
\f@nch@footalignment=\skip81
\f@nch@widthL=\skip82
\f@nch@widthC=\skip83
\f@nch@widthR=\skip84
\@temptokenb=\toks34
))
(./sphinxlatexstyleheadings.sty
Package: sphinxlatexstyleheadings 2023/02/11 headings

(/usr/share/texmf-dist/tex/latex/titlesec/titlesec.sty
Package: titlesec 2025/01/04 v2.17 Sectioning titles
\ttl@box=\box121
\beforetitleunit=\skip85
\aftertitleunit=\skip86
\ttl@plus=\dimen286
\ttl@minus=\dimen287
\ttl@toksa=\toks35
\titlewidth=\dimen288
\titlewidthlast=\dimen289
\titlewidthfirst=\dimen290
))
(./sphinxlatexstyletext.sty
Package: sphinxlatexstyletext 2025/05/24 v9.0.0 text styling
) (./sphinxlatexobjects.sty
Package: sphinxlatexobjects 2025/06/06 documentation environments
\sphinxsignaturesep=\skip87
\sphinxsignaturelistskip=\skip88
\py@argswidth=\skip89
\lineblockindentation=\skip90
\DUlineblockindent=\skip91
)
\sphinxvwdimen=\dimen291
\sphinxvhdimen=\dimen292
\sphinxvmindimen=\dimen293
\sphinxvmaxdimen=\dimen294
\sphinxQdimen=\dimen295
)
(/usr/share/texmf-dist/tex/latex/geometry/geometry.sty
Package: geometry 2020/01/02 v5.9 Page Geometry

(/usr/share/texmf-dist/tex/generic/iftex/ifvtex.sty
Package: ifvtex 2019/10/25 v1.7 ifvtex legacy package. Use iftex instead.

(/usr/share/texmf-dist/tex/generic/iftex/iftex.sty
Package: iftex 2024/12/12 v1.0g TeX engine tests
))
\Gm@cnth=\count332
\Gm@cntv=\count333
\c@Gm@tempcnt=\count334
\Gm@bindingoffset=\dimen296
\Gm@wd@mp=\dimen297
\Gm@odd@mp=\dimen298
\Gm@even@mp=\dimen299
\Gm@layoutwidth=\dimen300
\Gm@layoutheight=\dimen301
\Gm@layouthoffset=\dimen302
\Gm@layoutvoffset=\dimen303
\Gm@dimlist=\toks36
)
(/usr/share/texmf-dist/tex/latex/hyperref/hyperref.sty
Package: hyperref 2026-01-29 v7.01p Hypertext links for LaTeX

(/usr/share/texmf-dist/tex/generic/kvdefinekeys/kvdefinekeys.sty
Package: kvdefinekeys 2019-12-19 v1.6 Define keys (HO)
)
(/usr/share/texmf-dist/tex/generic/pdfescape/pdfescape.sty
Package: pdfescape 2019/12/09 v1.15 Implements pdfTeX's escape features (HO)

(/usr/share/texmf-dist/tex/generic/pdftexcmds/pdftexcmds.sty
Package: pdftexcmds 2020-06-27 v0.33 Utility functions of pdfTeX for LuaTeX (HO
)

(/usr/share/texmf-dist/tex/generic/infwarerr/infwarerr.sty
Package: infwarerr 2019/12/03 v1.5 Providing info/warning/error messages (HO)
)
Package pdftexcmds Info: \pdf@primitive is available.
Package pdftexcmds Info: \pdf@ifprimitive is available.
Package pdftexcmds Info: \pdfdraftmode found.
))
(/usr/share/texmf-dist/tex/latex/hycolor/hycolor.sty
Package: hycolor 2020-01-27 v1.10 Color options for hyperref/bookmark (HO)
)
(/usr/share/texmf-dist/tex/latex/hyperref/nameref.sty
Package: nameref 2026-01-29 v2.58 Cross-referencing by name of section

(/usr/share/texmf-dist/tex/latex/refcount/refcount.sty
Package: refcount 2019/12/15 v3.6 Data extraction from label references (HO)
)
(/usr/share/texmf-dist/tex/generic/gettitlestring/gettitlestring.sty
Package: gettitlestring 2019/12/15 v1.6 Cleanup title references (HO)
)
\c@section@level=\count335
)
(/usr/share/texmf-dist/tex/generic/stringenc/stringenc.sty
Package: stringenc 2019/11/29 v1.12 Convert strings between diff. encodings (HO
)
)
\@linkdim=\dimen304
\Hy@linkcounter=\count336
\Hy@pagecounter=\count337

(/usr/share/texmf-dist/tex/latex/hyperref/pd1enc.def
File: pd1enc.def 2026-01-29 v7.01p Hyperref: PDFDocEncoding definition (HO)
Now handling font encoding PD1 ...
... no UTF-8 mapping file for font encoding PD1
)
(/usr/share/texmf-dist/tex/generic/intcalc/intcalc.sty
Package: intcalc 2019/12/15 v1.3 Expandable calculations with integers (HO)
)
\Hy@SavedSpaceFactor=\count338

(/usr/share/texmf-dist/tex/latex/hyperref/puenc.def
File: puenc.def 2026-01-29 v7.01p Hyperref: PDF Unicode definition (HO)
Now handling font encoding PU ...
... no UTF-8 mapping file for font encoding PU
)
Package hyperref Info: Option `unicode' set `true' on input line 4072.
Package hyperref Info: Option `colorlinks' set `true' on input line 4072.
Package hyperref Info: Option `breaklinks' set `true' on input line 4072.
Package hyperref Info: Hyper figures OFF on input line 4201.
Package hyperref Info: Link nesting OFF on input line 4206.
Package hyperref Info: Hyper index ON on input line 4209.
Package hyperref Info: Plain pages OFF on input line 4216.
Package hyperref Info: Backreferencing OFF on input line 4221.
Package hyperref Info: Implicit mode ON; LaTeX internals redefined.
Package hyperref Info: Bookmarks ON on input line 4468.
\c@Hy@tempcnt=\count339

(/usr/share/texmf-dist/tex/latex/url/url.sty
\Urlmuskip=\muskip18
Package: url 2013/09/16  ver 3.4  Verb mode for urls, etc.
)
LaTeX Info: Redefining \url on input line 4807.
\XeTeXLinkMargin=\dimen305

(/usr/share/texmf-dist/tex/generic/bitset/bitset.sty
Package: bitset 2019/12/09 v1.3 Handle bit-vector datatype (HO)

(/usr/share/texmf-dist/tex/generic/bigintcalc/bigintcalc.sty
Package: bigintcalc 2019/12/15 v1.5 Expandable calculations on big integers (HO
)
))
\Fld@menulength=\count340
\Field@Width=\dimen306
\Fld@charsize=\dimen307
Package hyperref Info: Hyper figures OFF on input line 6084.
Package hyperref Info: Link nesting OFF on input line 6089.
Package hyperref Info: Hyper index ON on input line 6092.
Package hyperref Info: backreferencing OFF on input line 6099.
Package hyperref Info: Link coloring ON on input line 6102.
Package hyperref Info: Link coloring with OCG OFF on input line 6109.
Package hyperref Info: PDF/A mode OFF on input line 6114.
\Hy@abspage=\count341
\c@Item=\count342
\c@Hfootnote=\count343
)
Package hyperref Info: Driver (autodetected): hpdftex.

(/usr/share/texmf-dist/tex/latex/hyperref/hpdftex.def
File: hpdftex.def 2026-01-29 v7.01p Hyperref driver for pdfTeX
\Fld@listcount=\count344
\c@bookmark@seq@number=\count345

(/usr/share/texmf-dist/tex/latex/rerunfilecheck/rerunfilecheck.sty
Package: rerunfilecheck 2025-06-21 v1.11 Rerun checks for auxiliary files (HO)

(/usr/share/texmf-dist/tex/generic/uniquecounter/uniquecounter.sty
Package: uniquecounter 2019/12/15 v1.4 Provide unlimited unique counter (HO)
)
Package uniquecounter Info: New unique counter `rerunfilecheck' on input line 2
84.
)
\Hy@SectionHShift=\skip92
)
(/usr/share/texmf-dist/tex/latex/hypcap/hypcap.sty
Package: hypcap 2024-07-26 v1.13 Adjusting the anchors of captions (HO)

(/usr/share/texmf-dist/tex/latex/letltxmacro/letltxmacro.sty
Package: letltxmacro 2019/12/03 v1.6 Let assignment for LaTeX macros (HO)
))
(./sphinxmessages.sty
Package: sphinxmessages 2019/01/04 v2.0 Localized LaTeX macros (Sphinx team)
)
\@indexfile=\write4
\openout4 = `associationschemes.idx'.


Writing index file associationschemes.idx
LaTeX Font Info:    Trying to load font information for T1+qtm on input line 74
.
(/usr/share/texmf-dist/tex/latex/tex-gyre/t1qtm.fd
File: t1qtm.fd 2009/09/25 v1.2 font definition file for T1/qtm
)
(/usr/share/texmf-dist/tex/latex/l3backend/l3backend-pdftex.def
File: l3backend-pdftex.def 2025-10-09 L3 backend support: PDF output (pdfTeX)
\l__color_backend_stack_int=\count346
)
(./associationschemes.aux)
\openout1 = `associationschemes.aux'.

LaTeX Font Info:    Checking defaults for OML/cmm/m/it on input line 74.
LaTeX Font Info:    ... okay on input line 74.
LaTeX Font Info:    Checking defaults for OMS/cmsy/m/n on input line 74.
LaTeX Font Info:    ... okay on input line 74.
LaTeX Font Info:    Checking defaults for OT1/cmr/m/n on input line 74.
LaTeX Font Info:    ... okay on input line 74.
LaTeX Font Info:    Checking defaults for T1/cmr/m/n on input line 74.
LaTeX Font Info:    ... okay on input line 74.
LaTeX Font Info:    Checking defaults for TS1/cmr/m/n on input line 74.
LaTeX Font Info:    ... okay on input line 74.
LaTeX Font Info:    Checking defaults for OMX/cmex/m/n on input line 74.
LaTeX Font Info:    ... okay on input line 74.
LaTeX Font Info:    Checking defaults for U/cmr/m/n on input line 74.
LaTeX Font Info:    ... okay on input line 74.
LaTeX Font Info:    Checking defaults for PD1/pdf/m/n on input line 74.
LaTeX Font Info:    ... okay on input line 74.
LaTeX Font Info:    Checking defaults for PU/pdf/m/n on input line 74.
LaTeX Font Info:    ... okay on input line 74.

(/usr/share/texmf-dist/tex/context/base/mkii/supp-pdf.mkii
[Loading MPS to PDF converter (version 2006.09.02).]
\scratchcounter=\count347
\scratchdimen=\dimen308
\scratchbox=\box122
\nofMPsegments=\count348
\nofMParguments=\count349
\everyMPshowfont=\toks37
\MPscratchCnt=\count350
\MPscratchDim=\dimen309
\MPnumerator=\count351
\makeMPintoPDFobject=\count352
\everyMPtoPDFconversion=\toks38
) (/usr/share/texmf-dist/tex/latex/epstopdf-pkg/epstopdf-base.sty
Package: epstopdf-base 2020-01-24 v2.11 Base part for package epstopdf
Package epstopdf-base Info: Redefining graphics rule for `.eps' on input line 4
85.

(/usr/share/texmf-dist/tex/latex/latexconfig/epstopdf-sys.cfg
File: epstopdf-sys.cfg 2010/07/13 v1.3 Configuration of (r)epstopdf for TeX Liv
e
))
(/usr/share/texmf-dist/tex/latex/fontawesome7/fontawesome7.sty
(/usr/share/texmf-dist/tex/latex/l3kernel/expl3.sty
Package: expl3 2026-01-19 L3 programming layer (loader) 
)
Package: fontawesome7 2025/11/02 v7.1.0-1 Font Awesome 7

(/usr/share/texmf-dist/tex/latex/l3packages/l3keys2e/l3keys2e.sty
Package: l3keys2e 2025-10-09 LaTeX2e option processing using LaTeX3 keys
)
(/usr/share/texmf-dist/tex/latex/l3packages/xparse/xparse.sty
Package: xparse 2025-10-09 L3 Experimental document command parser
)
(/usr/share/texmf-dist/tex/latex/fontawesome7/fontawesome7-generic-helper.sty
Package: fontawesome7-generic-helper 2025/11/02 v7.1.0-1 non-uTeX helper for fo
ntawesome7

(/usr/share/texmf-dist/tex/latex/fontawesome7/fontawesome7-mapping.def)))
\c@literalblock=\count353

*geometry* driver: auto-detecting
*geometry* detected driver: pdftex
*geometry* verbose mode - [ preamble ] result:
* driver: pdftex
* paper: letterpaper
* layout: <same size as paper>
* layoutoffset:(h,v)=(0.0pt,0.0pt)
* modes: twoside 
* h-part:(L,W,R)=(72.26999pt, 469.75502pt, 72.26999pt)
* v-part:(T,H,B)=(72.26999pt, 650.43001pt, 72.26999pt)
* \paperwidth=614.295pt
* \paperheight=794.96999pt
* \textwidth=469.75502pt
* \textheight=650.43001pt
* \oddsidemargin=0.0pt
* \evensidemargin=0.0pt
* \topmargin=-37.0pt
* \headheight=12.0pt
* \headsep=25.0pt
* \topskip=10.0pt
* \footskip=30.0pt
* \marginparwidth=36.135pt
* \marginparsep=11.0pt
* \columnsep=10.0pt
* \skip\footins=9.0pt plus 4.0pt minus 2.0pt
* \hoffset=0.0pt
* \voffset=0.0pt
* \mag=1000
* \@twocolumnfalse
* \@twosidetrue
* \@mparswitchtrue
* \@reversemarginfalse
* (1in=72.27pt=25.4mm, 1cm=28.453pt)

Package hyperref Info: Link coloring ON on input line 74.
(./associationschemes.out) (./associationschemes.out)
\@outlinefile=\write5
\openout5 = `associationschemes.out'.

Package hyperref Info: Option `pageanchor' set `false' on input line 82.
LaTeX Font Info:    Trying to load font information for T1+qhv on input line 82
.

(/usr/share/texmf-dist/tex/latex/tex-gyre/t1qhv.fd
File: t1qhv.fd 2009/09/25 v1.2 font definition file for T1/qhv
)<<ot1.cmap>><<oml.cmap>><<oms.cmap>><<omx.cmap>>
LaTeX Font Info:    Trying to load font information for U+msa on input line 82.

 (/usr/share/texmf-dist/tex/latex/amsfonts/umsa.fd
File: umsa.fd 2013/01/14 v3.01 AMS symbols A
)
LaTeX Font Info:    Trying to load font information for U+msb on input line 82.


(/usr/share/texmf-dist/tex/latex/amsfonts/umsb.fd
File: umsb.fd 2013/01/14 v3.01 AMS symbols B
) [1

{/var/lib/texmf/fonts/map/pdftex/updmap/pdftex.map}{/usr/share/texmf-dist/fonts
/enc/dvips/tex-gyre/q-ec.enc}] [2


] (./associationschemes.toc)
\tf@toc=\write6
\openout6 = `associationschemes.toc'.

 [1

] [2

]
Chapter 1.
LaTeX Font Info:    Trying to load font information for T1+txtt on input line 1
09.
(/usr/share/texmf-dist/tex/latex/txfonts/t1txtt.fd
File: t1txtt.fd 2000/12/15 v3.1
)
LaTeX Font Info:    Font shape `T1/txtt/b/n' in size <10> not available
(Font)              Font shape `T1/txtt/bx/n' tried instead on input line 109.
 [1

]
LaTeX Font Info:    Trying to load font information for TS1+txtt on input line 
287.

(/usr/share/texmf-dist/tex/latex/txfonts/ts1txtt.fd
File: ts1txtt.fd 2000/12/15 v3.1
) [2] [3] [4]
Overfull \vbox (0.56396pt too high) detected at line 572
 []

[5] [6] [7]
LaTeX Font Info:    Trying to load font information for TS1+qtm on input line 8
57.
 (/usr/share/texmf-dist/tex/latex/tex-gyre/ts1qtm.fd
File: ts1qtm.fd 2009/09/25 v1.2 font definition file for TS1/qtm
) [8{/usr/share/texmf-dist/fonts/enc/dvips/tex-gyre/q-ts1.enc}] [9] [10

]
Chapter 2.
[11] [12

] [13


] (./associationschemes.ind [14


]
Underfull \hbox (badness 10000) in paragraph at lines 8--10
[]\T1/txtt/m/n/10 action_on_subsets() \T1/qtm/m/n/10 (\T1/qtm/m/it/10 As-so-ci-
a-tion-
 []


Overfull \hbox (1.94247pt too wide) in paragraph at lines 8--10
\T1/qtm/m/it/10 Schemes.permutation_group.PermutationGroup
 []


Underfull \hbox (badness 10000) in paragraph at lines 10--12
[]\T1/txtt/m/n/10 adjacency_algebra() \T1/qtm/m/n/10 (\T1/qtm/m/it/10 As-so-ci-
a-tion-
 []


Underfull \hbox (badness 10000) in paragraph at lines 10--12
\T1/qtm/m/it/10 Schemes.generic_schemes.AssociationScheme
 []


Underfull \hbox (badness 10000) in paragraph at lines 12--14
[]\T1/txtt/m/n/10 adjacency_matrices() \T1/qtm/m/n/10 (\T1/qtm/m/it/10 As-so-ci
-a-tion-
 []


Underfull \hbox (badness 10000) in paragraph at lines 12--14
\T1/qtm/m/it/10 Schemes.generic_schemes.AssociationScheme
 []


Underfull \hbox (badness 10000) in paragraph at lines 14--16
[]\T1/txtt/m/n/10 AssociationScheme \T1/qtm/m/n/10 (\T1/qtm/m/it/10 class in As
-so-ci-a-tion-
 []


Underfull \hbox (badness 10000) in paragraph at lines 24--26
[]\T1/txtt/m/n/10 automorphism_group() \T1/qtm/m/n/10 (\T1/qtm/m/it/10 As-so-ci
-a-tion-
 []


Underfull \hbox (badness 10000) in paragraph at lines 24--26
\T1/qtm/m/it/10 Schemes.generic_schemes.AssociationScheme
 []


Underfull \hbox (badness 10000) in paragraph at lines 29--31
[]\T1/txtt/m/n/10 base_matrix() \T1/qtm/m/n/10 (\T1/qtm/m/it/10 As-so-ci-a-tion
-
 []


Underfull \hbox (badness 10000) in paragraph at lines 29--31
\T1/qtm/m/it/10 Schemes.generic_schemes.AssociationScheme
 []


Underfull \hbox (badness 10000) in paragraph at lines 33--35
[]\T1/txtt/m/n/10 bose_mesner_algebra() \T1/qtm/m/n/10 (\T1/qtm/m/it/10 As-so-c
i-a-tion-
 []


Underfull \hbox (badness 10000) in paragraph at lines 33--35
\T1/qtm/m/it/10 Schemes.generic_schemes.AssociationScheme
 []


Underfull \hbox (badness 10000) in paragraph at lines 38--40
[]\T1/txtt/m/n/10 character_table() \T1/qtm/m/n/10 (\T1/qtm/m/it/10 As-so-ci-a-
tion-
 []


Underfull \hbox (badness 10000) in paragraph at lines 38--40
\T1/qtm/m/it/10 Schemes.generic_schemes.AssociationScheme
 []


Underfull \hbox (badness 10000) in paragraph at lines 40--42
[]\T1/txtt/m/n/10 common_eigenvectors() \T1/qtm/m/n/10 (\T1/qtm/m/it/10 in mod-
ule As-so-ci-a-tion-
 []


Underfull \hbox (badness 10000) in paragraph at lines 47--49
[]\T1/txtt/m/n/10 dimension_of_centralizer_algebra() \T1/qtm/m/n/10 (\T1/qtm/m/
it/10 As-so-ci-a-
 []


Overfull \hbox (9.28246pt too wide) in paragraph at lines 47--49
\T1/qtm/m/it/10 tion-Schemes.generic_schemes.AssociationScheme
 []


Underfull \hbox (badness 10000) in paragraph at lines 49--51
[]\T1/txtt/m/n/10 dimension_of_t_zero() \T1/qtm/m/n/10 (\T1/qtm/m/it/10 As-so-c
i-a-tion-
 []


Underfull \hbox (badness 10000) in paragraph at lines 49--51
\T1/qtm/m/it/10 Schemes.generic_schemes.AssociationScheme
 []


Underfull \hbox (badness 10000) in paragraph at lines 54--56
[]\T1/txtt/m/n/10 fusion() \T1/qtm/m/n/10 (\T1/qtm/m/it/10 As-so-ci-a-tion-
 []


Underfull \hbox (badness 10000) in paragraph at lines 54--56
\T1/qtm/m/it/10 Schemes.generic_schemes.AssociationScheme
 []


Underfull \hbox (badness 10000) in paragraph at lines 59--61
[]\T1/txtt/m/n/10 graphs_in_scheme() \T1/qtm/m/n/10 (\T1/qtm/m/it/10 As-so-ci-a
-tion-
 []


Underfull \hbox (badness 10000) in paragraph at lines 59--61
\T1/qtm/m/it/10 Schemes.generic_schemes.AssociationScheme
 []


Underfull \hbox (badness 10000) in paragraph at lines 61--63
[]\T1/txtt/m/n/10 GrassmannScheme() \T1/qtm/m/n/10 (\T1/qtm/m/it/10 in mod-ule 
As-so-ci-a-tion-
 []


Underfull \hbox (badness 10000) in paragraph at lines 63--65
[]\T1/txtt/m/n/10 group_action() \T1/qtm/m/n/10 (\T1/qtm/m/it/10 As-so-ci-a-tio
n-
 []


Overfull \hbox (1.94247pt too wide) in paragraph at lines 63--65
\T1/qtm/m/it/10 Schemes.permutation_group.PermutationGroup
 []


Underfull \hbox (badness 10000) in paragraph at lines 65--67
[]\T1/txtt/m/n/10 GroupScheme() \T1/qtm/m/n/10 (\T1/qtm/m/it/10 in mod-ule As-s
o-ci-a-tion-
 []


Underfull \hbox (badness 10000) in paragraph at lines 70--72
[]\T1/txtt/m/n/10 HammingScheme() \T1/qtm/m/n/10 (\T1/qtm/m/it/10 in mod-ule As
-so-ci-a-tion-
 []


Underfull \hbox (badness 10000) in paragraph at lines 75--77
[]\T1/txtt/m/n/10 inner_distribution() \T1/qtm/m/n/10 (\T1/qtm/m/it/10 As-so-ci
-a-tion-
 []


Underfull \hbox (badness 10000) in paragraph at lines 75--77
\T1/qtm/m/it/10 Schemes.generic_schemes.AssociationScheme
 []


Underfull \hbox (badness 10000) in paragraph at lines 77--79
[]\T1/txtt/m/n/10 intersection_number() \T1/qtm/m/n/10 (\T1/qtm/m/it/10 As-so-c
i-a-tion-
 []


Underfull \hbox (badness 10000) in paragraph at lines 77--79
\T1/qtm/m/it/10 Schemes.generic_schemes.AssociationScheme
 []


Underfull \hbox (badness 10000) in paragraph at lines 79--81
[]\T1/txtt/m/n/10 is_AssociationScheme() \T1/qtm/m/n/10 (\T1/qtm/m/it/10 As-so-
ci-a-tion-
 []


Underfull \hbox (badness 10000) in paragraph at lines 79--81
\T1/qtm/m/it/10 Schemes.generic_schemes.AssociationScheme
 []


Underfull \hbox (badness 10000) in paragraph at lines 81--83
[]\T1/txtt/m/n/10 is_commutative() \T1/qtm/m/n/10 (\T1/qtm/m/it/10 As-so-ci-a-t
ion-
 []


Underfull \hbox (badness 10000) in paragraph at lines 81--83
\T1/qtm/m/it/10 Schemes.generic_schemes.AssociationScheme
 []


Underfull \hbox (badness 10000) in paragraph at lines 83--85
[]\T1/txtt/m/n/10 is_core_free() \T1/qtm/m/n/10 (\T1/qtm/m/it/10 As-so-ci-a-tio
n-
 []


Overfull \hbox (1.94247pt too wide) in paragraph at lines 83--85
\T1/qtm/m/it/10 Schemes.permutation_group.PermutationGroup
 []

[15

]
Underfull \hbox (badness 10000) in paragraph at lines 85--87
[]\T1/txtt/m/n/10 is_derangement() \T1/qtm/m/n/10 (\T1/qtm/m/it/10 As-so-ci-a-t
ion-
 []


Overfull \hbox (1.94247pt too wide) in paragraph at lines 85--87
\T1/qtm/m/it/10 Schemes.permutation_group.PermutationGroup
 []


Underfull \hbox (badness 10000) in paragraph at lines 87--89
[]\T1/txtt/m/n/10 is_even_partition() \T1/qtm/m/n/10 (\T1/qtm/m/it/10 in mod-ul
e As-so-ci-a-tion-
 []


Underfull \hbox (badness 10000) in paragraph at lines 89--91
[]\T1/txtt/m/n/10 is_formally_self_dual() \T1/qtm/m/n/10 (\T1/qtm/m/it/10 As-so
-ci-a-tion-
 []


Underfull \hbox (badness 10000) in paragraph at lines 89--91
\T1/qtm/m/it/10 Schemes.generic_schemes.AssociationScheme
 []


Underfull \hbox (badness 10000) in paragraph at lines 91--93
[]\T1/txtt/m/n/10 is_quasi_primitive() \T1/qtm/m/n/10 (\T1/qtm/m/it/10 As-so-ci
-a-tion-
 []


Overfull \hbox (1.94247pt too wide) in paragraph at lines 91--93
\T1/qtm/m/it/10 Schemes.permutation_group.PermutationGroup
 []


Underfull \hbox (badness 10000) in paragraph at lines 93--95
[]\T1/txtt/m/n/10 is_schurian() \T1/qtm/m/n/10 (\T1/qtm/m/it/10 As-so-ci-a-tion
-
 []


Underfull \hbox (badness 10000) in paragraph at lines 93--95
\T1/qtm/m/it/10 Schemes.generic_schemes.AssociationScheme
 []


Underfull \hbox (badness 10000) in paragraph at lines 95--97
[]\T1/txtt/m/n/10 is_triply_regular() \T1/qtm/m/n/10 (\T1/qtm/m/it/10 As-so-ci-
a-tion-
 []


Underfull \hbox (badness 10000) in paragraph at lines 95--97
\T1/qtm/m/it/10 Schemes.generic_schemes.AssociationScheme
 []


Underfull \hbox (badness 10000) in paragraph at lines 100--102
[]\T1/txtt/m/n/10 JohnsonScheme() \T1/qtm/m/n/10 (\T1/qtm/m/it/10 in mod-ule As
-so-ci-a-tion-
 []


Underfull \hbox (badness 10000) in paragraph at lines 105--107
[]\T1/txtt/m/n/10 krein_parameters() \T1/qtm/m/n/10 (\T1/qtm/m/it/10 As-so-ci-a
-tion-
 []


Underfull \hbox (badness 10000) in paragraph at lines 105--107
\T1/qtm/m/it/10 Schemes.generic_schemes.AssociationScheme
 []


Underfull \hbox (badness 10000) in paragraph at lines 118--120
[]\T1/txtt/m/n/10 number_of_derangements() \T1/qtm/m/n/10 (\T1/qtm/m/it/10 As-s
o-ci-a-tion-
 []


Overfull \hbox (1.94247pt too wide) in paragraph at lines 118--120
\T1/qtm/m/it/10 Schemes.permutation_group.PermutationGroup
 []


Underfull \hbox (badness 10000) in paragraph at lines 123--125
[]\T1/txtt/m/n/10 orbital_digraphs() \T1/qtm/m/n/10 (\T1/qtm/m/it/10 As-so-ci-a
-tion-
 []


Overfull \hbox (1.94247pt too wide) in paragraph at lines 123--125
\T1/qtm/m/it/10 Schemes.permutation_group.PermutationGroup
 []


Overfull \hbox (42.14235pt too wide) in paragraph at lines 129--131
[]\T1/txtt/m/n/10 order() \T1/qtm/m/n/10 (\T1/qtm/m/it/10 As-so-ci-a-tion-Schem
es.generic_schemes.AssociationScheme
 []


Underfull \hbox (badness 10000) in paragraph at lines 134--136
[]\T1/txtt/m/n/10 P_matrix() \T1/qtm/m/n/10 (\T1/qtm/m/it/10 As-so-ci-a-tion-
 []


Underfull \hbox (badness 10000) in paragraph at lines 134--136
\T1/qtm/m/it/10 Schemes.generic_schemes.AssociationScheme
 []


Underfull \hbox (badness 10000) in paragraph at lines 138--140
[]\T1/txtt/m/n/10 permutation_character() \T1/qtm/m/n/10 (\T1/qtm/m/it/10 As-so
-ci-a-tion-
 []


Overfull \hbox (1.94247pt too wide) in paragraph at lines 138--140
\T1/qtm/m/it/10 Schemes.permutation_group.PermutationGroup
 []


Underfull \hbox (badness 10000) in paragraph at lines 140--142
[]\T1/txtt/m/n/10 PermutationGroup \T1/qtm/m/n/10 (\T1/qtm/m/it/10 class in As-
so-ci-a-tion-
 []


Underfull \hbox (badness 10000) in paragraph at lines 142--144
[]\T1/txtt/m/n/10 pointwise_stabilizer() \T1/qtm/m/n/10 (\T1/qtm/m/it/10 As-so-
ci-a-tion-
 []


Overfull \hbox (1.94247pt too wide) in paragraph at lines 142--144
\T1/qtm/m/it/10 Schemes.permutation_group.PermutationGroup
 []


Underfull \hbox (badness 10000) in paragraph at lines 147--149
[]\T1/txtt/m/n/10 Q_matrix() \T1/qtm/m/n/10 (\T1/qtm/m/it/10 As-so-ci-a-tion-
 []


Underfull \hbox (badness 10000) in paragraph at lines 147--149
\T1/qtm/m/it/10 Schemes.generic_schemes.AssociationScheme
 []


Overfull \hbox (36.89236pt too wide) in paragraph at lines 152--154
[]\T1/txtt/m/n/10 rank() \T1/qtm/m/n/10 (\T1/qtm/m/it/10 As-so-ci-a-tion-Scheme
s.generic_schemes.AssociationScheme
 []


Underfull \hbox (badness 10000) in paragraph at lines 154--156
[]\T1/txtt/m/n/10 rank_of_group() \T1/qtm/m/n/10 (\T1/qtm/m/it/10 As-so-ci-a-ti
on-
 []


Overfull \hbox (1.94247pt too wide) in paragraph at lines 154--156
\T1/qtm/m/it/10 Schemes.permutation_group.PermutationGroup
 []


Underfull \hbox (badness 10000) in paragraph at lines 156--158
[]\T1/txtt/m/n/10 ratio_bound() \T1/qtm/m/n/10 (\T1/qtm/m/it/10 As-so-ci-a-tion
-
 []


Underfull \hbox (badness 10000) in paragraph at lines 156--158
\T1/qtm/m/it/10 Schemes.generic_schemes.AssociationScheme
 []


Underfull \hbox (badness 10000) in paragraph at lines 161--163
[]\T1/txtt/m/n/10 Schur_multiplication() \T1/qtm/m/n/10 (\T1/qtm/m/it/10 in mod
-ule As-so-ci-a-tion-
 []


Underfull \hbox (badness 10000) in paragraph at lines 163--165
[]\T1/txtt/m/n/10 setwise_stabilizer() \T1/qtm/m/n/10 (\T1/qtm/m/it/10 As-so-ci
-a-tion-
 []


Overfull \hbox (1.94247pt too wide) in paragraph at lines 163--165
\T1/qtm/m/it/10 Schemes.permutation_group.PermutationGroup
 []


Underfull \hbox (badness 10000) in paragraph at lines 167--169
[]\T1/txtt/m/n/10 stabilizer_of_invariant_partition() \T1/qtm/m/n/10 (\T1/qtm/m
/it/10 As-so-ci-a-
 []


Overfull \hbox (17.50247pt too wide) in paragraph at lines 167--169
\T1/qtm/m/it/10 tion-Schemes.permutation_group.PermutationGroup
 []


Underfull \hbox (badness 10000) in paragraph at lines 169--171
[]\T1/txtt/m/n/10 sub_orbits() \T1/qtm/m/n/10 (\T1/qtm/m/it/10 As-so-ci-a-tion-

 []


Overfull \hbox (1.94247pt too wide) in paragraph at lines 169--171
\T1/qtm/m/it/10 Schemes.permutation_group.PermutationGroup
 []


Underfull \hbox (badness 10000) in paragraph at lines 174--176
[]\T1/txtt/m/n/10 TerwilligerAlgebra() \T1/qtm/m/n/10 (\T1/qtm/m/it/10 As-so-ci
-a-tion-
 []


Underfull \hbox (badness 10000) in paragraph at lines 174--176
\T1/qtm/m/it/10 Schemes.generic_schemes.AssociationScheme
 []

[16]) (./associationschemes.aux)
 ***********
LaTeX2e <2025-11-01>
L3 programming layer <2026-01-19>
 ***********
Package rerunfilecheck Info: File `associationschemes.out' has not changed.
(rerunfilecheck)             Checksum: 2BF675C4345794150B022F080285FA48;1740.
 ) 
Here is how much of TeX's memory you used:
 21295 strings out of 468995
 390009 string characters out of 5460436
 867536 words of memory out of 5000000
 49625 multiletter control sequences out of 15000+600000
 681800 words of font info for 82 fonts, out of 8000000 for 9000
 265 hyphenation exceptions out of 8191
 72i,11n,82p,1207b,880s stack positions out of 10000i,1000n,20000p,200000b,200000s
</usr/share/texmf-dist/fonts/type1/public/amsfonts/cm/cmmi10.pfb></usr/share/
texmf-dist/fonts/type1/public/amsfonts/cm/cmmi5.pfb></usr/share/texmf-dist/font
s/type1/public/amsfonts/cm/cmmi7.pfb></usr/share/texmf-dist/fonts/type1/public/
amsfonts/cm/cmr10.pfb></usr/share/texmf-dist/fonts/type1/public/amsfonts/cm/cmr
7.pfb></usr/share/texmf-dist/fonts/type1/public/amsfonts/cm/cmsy10.pfb></usr/sh
are/texmf-dist/fonts/type1/public/amsfonts/cm/cmsy5.pfb></usr/share/texmf-dist/
fonts/type1/public/amsfonts/cm/cmsy7.pfb></usr/share/texmf-dist/fonts/type1/pub
lic/tex-gyre/qhvb.pfb></usr/share/texmf-dist/fonts/type1/public/tex-gyre/qhvbi.
pfb></usr/share/texmf-dist/fonts/type1/public/tex-gyre/qhvr.pfb></usr/share/tex
mf-dist/fonts/type1/public/tex-gyre/qtmb.pfb></usr/share/texmf-dist/fonts/type1
/public/tex-gyre/qtmr.pfb></usr/share/texmf-dist/fonts/type1/public/tex-gyre/qt
mri.pfb></usr/share/texmf-dist/fonts/type1/public/txfonts/t1xbtt.pfb></usr/shar
e/texmf-dist/fonts/type1/public/txfonts/t1xtt.pfb></usr/share/texmf-dist/fonts/
type1/public/txfonts/tcxtt.pfb>
Output written on associationschemes.pdf (20 pages, 256699 bytes).
PDF statistics:
 352 PDF objects out of 1000 (max. 8388607)
 301 compressed objects within 4 object streams
 82 named destinations out of 1000 (max. 500000)
 93 words of extra memory for PDF output out of 10000 (max. 10000000)

